// Jest Snapshot v1, https://goo.gl/fbAQLP

exports[`AthensPage page renders correctly 1`] = `
<div>
  <nav
    className="Navbar"
  >
    <div
      className="Navbar__container"
    >
      <a
        className="Link"
        href="/"
      >
        <icon-mock
          className="Navbar__logo"
        />
      </a>
      <div
        className="Navbar__links"
      >
        <a
          className="Navbar__link Navbar__link--highlighted Link Link--highlighted"
          href="https://www.jsgenesis.com/#openings"
          label="We are hiring!"
        >
          We are hiring!
        </a>
        <a
          className="Navbar__link Link"
          href="https://blog.joystream.org/"
          label="Blog"
        >
          Blog
        </a>
        <a
          className="Navbar__link Link"
          href="https://blog.joystream.org/manifesto/"
          label="Manifesto"
        >
          Manifesto
        </a>
        <a
          className="Navbar__link Link"
          href="https://github.com/Joystream/whitepaper/blob/master/paper.pdf"
          label="Whitepaper"
        >
          Whitepaper
        </a>
        <a
          className="Navbar__link Link"
          href="/roles"
          label="Roles"
        >
          Roles
        </a>
        <a
          className="Navbar__link Link"
          href="https://github.com/Joystream/joystream"
          label="Repository"
        >
          Repository
        </a>
      </div>
      <div
        className="Navbar__trigger"
        onClick={[Function]}
        role="presentation"
      />
    </div>
  </nav>
  <section
    className="Hero Hero--indented"
  >
    <div
      className="Hero__container"
    >
      <div
        className="Hero__content"
      >
        <h1
          className="Hero__title"
        >
          Athens Network
        </h1>
        <div
          className="Hero__description"
        >
          <p
            className="AthensPage__hero-paragraph"
          >
            Explore available roles and pick the one that suits you the most. Influence platforms development earning Monero in the process.
          </p>
          <div
            className="Card Card--info"
          >
            <p
              className="Card__header"
            >
              <icon-mock
                className="Card__icon"
              />
              Network replaced
            </p>
            <div
              className="Card__content"
            >
              <div
                className="DateCounter DateCounter--light DateCounter--large"
              >
                <p
                  className="DateCounter__title"
                >
                  AFTER LAUNCHING 17 / 04 / 19
                  <br />
                  THE NETWORK WAS UPGRADED TO 
                  <a
                    className="Link"
                    href="/acropolis"
                  >
                    ACROPOLIS
                  </a>
                   
                  ON
                </p>
                <div
                  className="DateCounter__container"
                >
                  <div
                    className="DateCounter__segment"
                  >
                    <span
                      className="DateCounter__value"
                    >
                      24
                    </span>
                    <span
                      className="DateCounter__label"
                    >
                      day
                    </span>
                  </div>
                  <span
                    className="DateCounter__value, DateCounter__separator"
                  >
                    /
                  </span>
                  <div
                    className="DateCounter__segment"
                  >
                    <span
                      className="DateCounter__value"
                    >
                      06
                    </span>
                    <span
                      className="DateCounter__label"
                    >
                      month
                    </span>
                  </div>
                  <span
                    className="DateCounter__value, DateCounter__separator"
                  >
                    /
                  </span>
                  <div
                    className="DateCounter__segment"
                  >
                    <span
                      className="DateCounter__value"
                    >
                      19
                    </span>
                    <span
                      className="DateCounter__label"
                    >
                      year
                    </span>
                  </div>
                </div>
              </div>
            </div>
          </div>
        </div>
      </div>
      <div
        className="Hero__image-wrapper"
      >
        <button
          className="Chip"
          onClick={[Function]}
        >
          <icon-mock
            className="Chip__icon"
          />
          <span
            className="Chip__text"
          >
            What is this?
          </span>
        </button>
        <div
          className="Plx  "
          disabled={false}
          style={
            Object {
              "visibility": "hidden",
            }
          }
        >
          <icon-mock
            className="Hero__image"
          />
        </div>
      </div>
    </div>
  </section>
  <div
    className="LayoutWrapper"
  >
    <div
      className="LayoutWrapper__container"
    >
      <section
        className="TitleWrapper"
      >
        <h2
          className="TitleWrapper__title"
        >
          Network Statistics
        </h2>
        <p
          className="TitleWrapper__subtitle"
        >
          As they were at the end of the network.
        </p>
        <section
          className="Analytics"
        >
          <div
            className="Analytics__container"
          >
            <div
              className="AnalyticsItem"
            >
              <icon-mock
                className="AnalyticsItem__image"
              />
              <p
                className="AnalyticsItem__title"
              >
                Participation Payout
              </p>
              <p
                className="AnalyticsItem__value"
              >
                $1576
              </p>
            </div>
            <div
              className="AnalyticsItem"
            >
              <icon-mock
                className="AnalyticsItem__image"
              />
              <p
                className="AnalyticsItem__title"
              >
                Active Validators
              </p>
              <p
                className="AnalyticsItem__value"
              >
                20
              </p>
            </div>
            <div
              className="AnalyticsItem"
            >
              <icon-mock
                className="AnalyticsItem__image"
              />
              <p
                className="AnalyticsItem__title"
              >
                Platform Content Files
              </p>
              <p
                className="AnalyticsItem__value"
              >
                9
              </p>
            </div>
            <div
              className="AnalyticsItem"
            >
              <icon-mock
                className="AnalyticsItem__image"
              />
              <p
                className="AnalyticsItem__title"
              >
                Block Height
              </p>
              <p
                className="AnalyticsItem__value"
              >
                1110117
              </p>
            </div>
          </div>
        </section>
      </section>
      <section
        className="TitleWrapper"
      >
        <h2
          className="TitleWrapper__title"
        >
          Critical Documents
        </h2>
        
        <div
          className="ColumnsLayout"
          data-columns={2}
        >
          <div
            className="Pane Pane--disabled"
          >
            <div
              className="Pane__wrapper"
            >
              <icon-mock
                className="Pane__img"
              />
            </div>
            <div
              className="Pane__content"
            >
              <p
                className="Pane__title"
              >
                Full Specifications
              </p>
              <p
                className="Pane__paragraph"
              >
                No specifications was published for Athens.
              </p>
            </div>
          </div>
          <a
            className="Pane Link"
            href="https://github.com/Joystream/joystream/tree/master/testnets/athens"
            target="_blank"
          >
            <div
              className="Pane__wrapper"
            >
              <icon-mock
                className="Pane__img"
              />
            </div>
            <div
              className="Pane__content"
            >
              <p
                className="Pane__title"
              >
                Release Plan
              </p>
              <p
                className="Pane__paragraph"
              >
                Read the release plan as it was made during the planning stage, and learn more about how the development evolved.
              </p>
            </div>
          </a>
        </div>
      </section>
      <section
        className="TitleWrapper"
      >
        <h2
          className="TitleWrapper__title"
        >
          Testnet Goals
        </h2>
        <p
          className="TitleWrapper__subtitle"
        >
          The goals below is a simplified representation of the Key Results listed in our Release
           
          <a
            className="Link"
            href="https://github.com/Joystream/joystream/tree/master/testnets/athens#okrs"
          >
            OKR
          </a>
        </p>
        <div
          className="Animated"
        >
          <div
            className="GoalItem"
          >
            <div
              className="GoalItem__icon-container"
            >
              <icon-mock
                className="GoalItem__icon"
              />
              <p
                className="GoalItem__status GoalItem__status--achieved"
              >
                Achieved
              </p>
            </div>
            <div
              className="GoalItem__content"
            >
              <p
                className="GoalItem__title"
              >
                Enable media on the platform
              </p>
              As a "user governed media platform", allowing users to upload and consume and content was a major goal for us.
            </div>
          </div>
        </div>
        <div
          className="Animated"
        >
          <div
            className="GoalItem"
          >
            <div
              className="GoalItem__icon-container"
            >
              <icon-mock
                className="GoalItem__icon"
              />
              <p
                className="GoalItem__status GoalItem__status--achieved"
              >
                Achieved
              </p>
            </div>
            <div
              className="GoalItem__content"
            >
              <p
                className="GoalItem__title"
              >
                Introduce platform memberships
              </p>
              Although we are building an open blockchain in the sense that users are free to send tokens as they like, the Joystream experience is about having the platform users own, operate and govern the platform. We are agnostic on exactly what parts of the platform will be reserved for members, some actions will require and extra level of screening and accountability.
            </div>
          </div>
        </div>
        <div
          className="Animated"
        >
          <div
            className="GoalItem"
          >
            <div
              className="GoalItem__icon-container"
            >
              <icon-mock
                className="GoalItem__icon"
              />
              <p
                className="GoalItem__status GoalItem__status--postponed"
              >
                Postponed
              </p>
            </div>
            <div
              className="GoalItem__content"
            >
              <p
                className="GoalItem__title"
              >
                Build and release the storage node
              </p>
              Although a storage node was built and used to host and distribute the platform content, it had some bugs making it unable to sync between clients and required a hardcoded liaison.
            </div>
          </div>
        </div>
        <div
          className="Animated"
        >
          <div
            className="GoalItem"
          >
            <div
              className="GoalItem__icon-container"
            >
              <icon-mock
                className="GoalItem__icon"
              />
              <p
                className="GoalItem__status GoalItem__status--postponed"
              >
                Postponed
              </p>
            </div>
            <div
              className="GoalItem__content"
            >
              <p
                className="GoalItem__title"
              >
                Upgrade the runtime through a Council vote
              </p>
              The intention was for Jsgenesis to create a proposal for a
               
              <a
                className="Link"
                href="https://blog.joystream.org/upgrades/"
              >
                runtime upgrade
              </a>
               
              and have the Council vote on it. If the Council reached quorum, the consensus rules of the system would automatically get upgraded in flight. Unfortunately, the
               
              <a
                className="Link"
                href="https://blog.joystream.org/sparta-sacked/"
              >
                Sparta network crashed
              </a>
               
              before we reached this stage, and had to start Athens as a new chain with a new genesis block.
            </div>
          </div>
        </div>
      </section>
    </div>
  </div>
  <div
    className="LayoutWrapper LayoutWrapper--dark"
  >
    <div
      className="LayoutWrapper__container"
    >
      <section
        className="TitleWrapper"
      >
        <h2
          className="TitleWrapper__title"
        >
          Roles available on the current testnet
        </h2>
        
        <div
          className="ColumnsLayout"
          data-columns={2}
        >
          <a
            className="RoleCard Link"
            href="/roles#Validator"
          >
            <icon-mock
              className="RoleCard__image"
            />
            <div
              className="RoleCard__content"
            >
              <p
                className="RoleCard__title"
              >
                Validator
              </p>
              <p
                className="RoleCard__info"
              >
                <icon-mock
                  className="RoleCard__icon"
                />
                At migration, 
                <span
                  className="RoleCard__counter"
                >
                  20
                </span>
                 (max) had this role
              </p>
            </div>
          </a>
          <a
            className="RoleCard Link"
            href="/roles#Council-Member"
          >
            <icon-mock
              className="RoleCard__image"
            />
            <div
              className="RoleCard__content"
            >
              <p
                className="RoleCard__title"
              >
                Council Member
              </p>
              <p
                className="RoleCard__info"
              >
                <icon-mock
                  className="RoleCard__icon"
                />
                At migration, 
                <span
                  className="RoleCard__counter"
                >
                  12
                </span>
                 (max) had this role
              </p>
            </div>
          </a>
          <a
            className="RoleCard RoleCard--labeled Link"
            href="/roles#Storage-Provider"
          >
            <icon-mock
              className="RoleCard__image"
            />
            <div
              className="RoleCard__content"
            >
              <p
                className="RoleCard__title"
              >
                Storage Provider
              </p>
              <p
                className="RoleCard__info"
              >
                <icon-mock
                  className="RoleCard__icon"
                />
                At migration, 
                <span
                  className="RoleCard__counter"
                >
                  10
                </span>
                 (max) had this role
              </p>
            </div>
          </a>
        </div>
      </section>
    </div>
  </div>
  <section
    className="MapInfo"
  >
    <div
      className="Map MapInfo__map"
      style={
        Object {
          "backgroundImage": "url(test-file-stub)",
        }
      }
    >
      <div
        className="Animated"
      >
        <icon-mock />
      </div>
      <p
        className="Map__info"
      >
        Map data ©
        2019
         Google
      </p>
    </div>
    <div
      className="MapInfo__content"
    >
      <div
        className="Animated"
      >
        <h1
          className="MapInfo__title"
        >
          The city of Athens
        </h1>
        <p>
          <strong>
            Athens is the capital of Greece.
          </strong>
           IIt was also at the heart of Ancient Greece, a powerful civilisation and empire. The city is still dominated by 5th-century BC landmarks, including the Acropolis, a hilltop citadel topped with ancient buildings like the colonnaded Parthenon temple.
          <br />
          <br />
          We chose the name Athens as, like our previous testnets, Mesopotamia and Sparta, the ancient Athens' historical significance in the development towards modern democracy and the rule of law.
          <br />
          <br />
          <a
            className="Link"
            href="/sparta"
          >
            <icon-mock />
             Explore previous testnet
          </a>
        </p>
      </div>
    </div>
  </section>
  <div
    className="CookiesNotice"
  >
    <div
      className="CookiesNotice__container"
    >
      <div
        className="CookiesNotice__content"
      >
        <p>
          This site uses cookies. By continuing to browse the site, you are agreeing to our use of cookies.
        </p>
        <p>
          <a
            className="CookiesNotice__link Link"
            href="/privacy-police"
          >
            Find out more ›
          </a>
        </p>
      </div>
      <button
        className="CookiesNotice__accept Button Button--secondary"
        onClick={[Function]}
        type="button"
      >
        Accept
      </button>
    </div>
  </div>
  <footer
    className="Footer"
  >
    <p
      className="Footer__header"
    >
      Get notified
    </p>
    <a
      className="Footer__button Button Button--small Button--light"
      href="http://joystream.us11.list-manage.com/subscribe/post?u=932de577aec9616d4516b4e0f&id=459ba8d1da"
      onClick={null}
    >
      Join the newsletter
    </a>
    <div
      className="Footer__socials"
    >
      <a
        className="Footer__social-wrapper"
        href="https://twitter.com/JoyStreamApp"
      >
        <icon-mock
          className="Footer__social-icon"
        />
      </a>
      <a
        className="Footer__social-wrapper"
        href="https://github.com/Joystream"
      >
        <icon-mock
          className="Footer__social-icon"
        />
      </a>
      <a
        className="Footer__social-wrapper"
        href="https://chat.joystream.org/home"
      >
        <icon-mock
          className="Footer__social-icon"
        />
      </a>
      <a
        className="Footer__social-wrapper"
        href="https://t.me/joinchat/CNyeUxHD9H56m3e_44hXIA"
      >
        <icon-mock
          className="Footer__social-icon"
        />
      </a>
    </div>
    <div
      className="Footer__links"
    >
      <a
        className="Footer__link Footer__link--highlighted Link Link--highlighted"
        href="https://www.jsgenesis.com/#openings"
        label="We are hiring!"
      >
        We are hiring!
      </a>
      <a
        className="Footer__link Link"
        href="https://blog.joystream.org/"
        label="Blog"
      >
        Blog
      </a>
      <a
        className="Footer__link Link"
        href="https://blog.joystream.org/manifesto/"
        label="Manifesto"
      >
        Manifesto
      </a>
      <a
        className="Footer__link Link"
        href="https://github.com/Joystream/joystream"
        label="Repository"
      >
        Repository
      </a>
    </div>
  </footer>
</div>
`;
