// Jest Snapshot v1, https://goo.gl/fbAQLP

exports[`IndexPage page renders correctly 1`] = `
<BaseLayout>
  <SiteMetadata
    description="Earn monero for participating on our testnets!"
    image="test-file-stub"
    lang="en"
    meta={Array []}
    title="Joystream: A user governed video platform"
  />
  <Hero
    animationEnd={500}
    animationEndValue={-40}
    animationStartValue={0}
    chip={null}
    image="icon-mock"
    indent={false}
    noOverflow={false}
    theme="black"
    title="A user-governed video platform"
  >
    <p
      className="IndexPage__hero-paragraph"
    >
      Earn Monero by participating in the current 
      Acropolis
       testnet
    </p>
    <div
      className="IndexPage__hero-group"
    >
      <Button
        className="IndexPage__hero-button"
        disabled={false}
        href="https://blog.joystream.org/acropolis-incentives/"
        large={true}
        light={false}
        noWrap={true}
        onClick={null}
        reversed={false}
        secondary={true}
        to={null}
      >
        Earn Monero
      </Button>
      <Button
        className="IndexPage__hero-button"
        disabled={false}
        href="https://testnet.joystream.org/"
        large={true}
        light={false}
        noWrap={true}
        onClick={null}
        reversed={true}
        secondary={true}
        to={null}
      >
        Launch UI
      </Button>
    </div>
  </Hero>
  <LayoutWrapper
    className=""
    dark={false}
    gradient={false}
  >
    <TestnetItem
      button={
        Object {
          "label": "Explore Acropolis",
          "to": "/acropolis",
        }
      }
      className=""
      date={null}
      image="icon-mock"
      title="Acropolis Testnet"
    >
      Acropolis is our fourth testnet, with much improved
       
      <Link
        className=""
        highlighted={false}
        to="/roles#storage-provider"
      >
        storage provider
      </Link>
       software and an on-chain forum.
    </TestnetItem>
  </LayoutWrapper>
  <Analytics
    className=""
    content={
      Object {
        "blockHeight": "1110k",
        "councilStage": "Announcing",
        "forumPosts": 11,
        "mediaFiles": 9,
        "membershipsMembers": 164,
        "rolesProviders": 10,
        "validatorsCount": 20,
      }
    }
    items={
      Array [
        Object {
          "image": "icon-component-mock",
          "title": "Participation Payout",
          "value": "$1576",
        },
        Object {
          "image": "icon-component-mock",
          "key": "validatorsCount",
          "title": "Active Validators",
        },
        Object {
          "image": "icon-component-mock",
          "key": "blockHeight",
          "title": "Block Height",
        },
        Object {
          "image": "icon-component-mock",
          "key": "councilStage",
          "title": "Election Stage",
        },
        Object {
          "image": "icon-component-mock",
          "key": "membershipsMembers",
          "title": "Memberships",
        },
        Object {
          "image": "icon-component-mock",
          "key": "forumPosts",
          "title": "Forum Posts",
        },
        Object {
          "image": "icon-component-mock",
          "key": "mediaFiles",
          "title": "Platform Files",
        },
        Object {
          "image": "icon-component-mock",
          "key": "rolesProviders",
          "title": "Storage Providers",
        },
      ]
    }
    large={true}
  >
    <Button
      className=""
      disabled={false}
      href="https://blog.joystream.org/acropolis-incentives/"
      large={false}
      light={false}
      noWrap={false}
      onClick={null}
      reversed={false}
      secondary={true}
      to={null}
    >
      Participate and Earn Monero
    </Button>
  </Analytics>
  <LayoutWrapper
    className=""
    dark={false}
    gradient={false}
  >
    <TestnetItem
      button={
        Object {
          "label": "Explore Rome",
          "to": "/rome",
        }
      }
      className=""
      date="2019/12/16 11:00"
      image="icon-mock"
      title="Rome Testnet"
    >
      Rome is our fifth testnet, and we are introducing new roles for you to try out.
    </TestnetItem>
  </LayoutWrapper>
  <LayoutWrapper
    className=""
    dark={true}
    gradient={false}
  >
    <TitleWrapper
      className=""
      subtitle=""
      title="Become a user, run the platform"
    >
      <Subheader
        className=""
        content="learn more, join a role and subscribe for more"
        icon="icon-component-mock"
        title="Active roles on the current testnet"
      />
      <ColumnsLayout
        className=""
        columnsCount={2}
        largeSpacing={false}
      >
        <RoleList
          content={
            Object {
              "councilMembersCount": 12,
              "storageProviders": 10,
              "validatorsCount": 20,
            }
          }
          roles={
            Array [
              Object {
                "hasLabel": false,
                "image": "icon-component-mock",
                "key": "validatorsCount",
                "title": "Validator",
                "to": "/roles#validator",
              },
              Object {
                "hasLabel": false,
                "image": "icon-component-mock",
                "key": "councilMembersCount",
                "title": "Council Member",
                "to": "/roles#council-member",
              },
              Object {
                "hasLabel": true,
                "image": "icon-component-mock",
                "key": "storageProviders",
                "title": "Storage Provider",
                "to": "/roles#storage-provider",
              },
            ]
          }
        />
      </ColumnsLayout>
      <Subheader
        className=""
        content="choose a role, learn more and subscribe to get updated"
        icon="icon-component-mock"
        title="Roles coming in future testnets"
      />
      <ColumnsLayout
        className=""
        columnsCount={3}
        largeSpacing={false}
      >
        <RoleList
          content={
            Object {
              "councilMembersCount": 12,
              "storageProviders": 10,
              "validatorsCount": 20,
            }
          }
          roles={
            Array [
              Object {
                "image": "icon-component-mock",
                "title": "Membership Screener",
                "to": "/roles#membership-screener",
              },
              Object {
                "image": "icon-component-mock",
                "title": "Membership Curator",
                "to": "/roles",
              },
              Object {
                "image": "icon-component-mock",
                "title": "Content Curator",
                "to": "/roles#content-curator",
              },
              Object {
                "image": "icon-component-mock",
                "title": "Content Creator",
                "to": "/roles#content-creator",
              },
              Object {
                "image": "icon-component-mock",
                "title": "Bandwidth Provider",
                "to": "/roles#bandwidth-provider",
              },
              Object {
                "image": "icon-component-mock",
                "title": "Discovery Provider",
                "to": "/roles#discovery-provider",
              },
              Object {
                "image": "icon-component-mock",
                "title": "Live Streaming Provider",
                "to": "/roles#live-streaming-provider",
              },
              Object {
                "image": "icon-component-mock",
                "title": "Builder",
                "to": "/roles#builder",
              },
              Object {
                "image": "icon-component-mock",
                "title": "Communication Moderator",
                "to": "/roles#communication-moderator",
              },
            ]
          }
        />
      </ColumnsLayout>
      <Button
        className="IndexPage__roles-button"
        disabled={false}
        href={null}
        large={false}
        light={false}
        noWrap={false}
        onClick={null}
        reversed={false}
        secondary={true}
        to="/roles"
      >
        Learn more about the roles
      </Button>
    </TitleWrapper>
  </LayoutWrapper>
</BaseLayout>
`;
