// Jest Snapshot v1, https://goo.gl/fbAQLP

exports[`IndexPage page renders correctly 1`] = `
<BaseLayout>
  <SiteMetadata
    description="Joystream is a video platform controlled, owned, and operated by its users."
    image="test-file-stub"
    lang="en"
    meta={Array []}
    title="Joystream: The video platform DAO"
  />
  <Hero
    animationEnd={500}
    animationEndValue={-40}
    animationStartValue={0}
    chip={null}
    image="icon-mock"
    indent={false}
    noOverflow={false}
    theme="black"
    title={
      <React.Fragment>
        The video 
        <br />
         platform DAO
      </React.Fragment>
    }
  >
    <p
      className="IndexPage__hero-paragraph"
    >
      Joystream is a video platform controlled, owned, and operated by its users.
    </p>
    <div
      className="IndexPage__hero-group"
    >
      <Button
        className="IndexPage__hero-button"
        disabled={false}
        href="/testnet/"
        large={true}
        light={false}
        noWrap={true}
        onClick={null}
        reversed={false}
        secondary={true}
        to={null}
      >
        Earn Money
      </Button>
      <Button
        className="IndexPage__hero-button"
        disabled={false}
        href="https://testnet.joystream.org/"
        large={true}
        light={false}
        noWrap={true}
        onClick={null}
        reversed={true}
        secondary={true}
        to={null}
      >
        Launch UI
      </Button>
    </div>
  </Hero>
  <LayoutWrapper
    className=""
    dark={false}
    gradient={false}
  >
    <TestnetItem
      button={
        Object {
          "label": "Explore Alexandria",
          "to": "/alexandria",
        }
      }
      className=""
      date={null}
      image="icon-mock"
      title="Alexandria Testnet"
    >
      Alexandria is our seventh testnet, introducing a variety of important technical improvements.
    </TestnetItem>
  </LayoutWrapper>
  <Analytics
    className=""
    content={
      Object {
        "blockHeight": "1110k",
        "councilStage": "Announcing",
        "forumPosts": 11,
        "mediaFiles": 9,
        "membershipsMembers": 164,
        "rolesProviders": 10,
        "validatorsCount": 20,
      }
    }
    items={
      Array [
        Object {
          "image": "icon-component-mock",
          "title": "Participation Payout",
          "value": "$24029",
        },
        Object {
          "image": "icon-component-mock",
          "key": "validatorsCount",
          "title": "Active Validators",
        },
        Object {
          "image": "icon-component-mock",
          "key": "blockHeight",
          "title": "Block Height",
        },
        Object {
          "image": "icon-component-mock",
          "key": "councilStage",
          "title": "Election Stage",
        },
        Object {
          "image": "icon-component-mock",
          "key": "membershipsMembers",
          "title": "Memberships",
        },
        Object {
          "image": "icon-component-mock",
          "key": "forumPosts",
          "title": "Forum Posts",
        },
        Object {
          "image": "icon-component-mock",
          "key": "mediaFiles",
          "title": "Platform Files",
        },
        Object {
          "image": "icon-component-mock",
          "key": "rolesProviders",
          "title": "Storage Providers",
        },
      ]
    }
    large={true}
    title="Testnet Metrics"
  >
    <Button
      className=""
      disabled={false}
      href="https://www.joystream.org/testnet"
      large={false}
      light={false}
      noWrap={false}
      onClick={null}
      reversed={false}
      secondary={true}
      to={null}
    >
      Participate and Earn Money
    </Button>
  </Analytics>
  <LayoutWrapper
    className=""
    dark={false}
    gradient={false}
  >
    <TestnetItem
      button={
        Object {
          "label": "Explore Babylon",
          "to": "/babylon",
        }
      }
      className=""
      date="2020/12/21 10:00"
      image="icon-mock"
      title="Babylon Testnet"
    >
      Babylon is our eighth testnet, focused on improvements to media publishing and consumption on the platform.
    </TestnetItem>
  </LayoutWrapper>
  <LayoutWrapper
    className=""
    dark={true}
    gradient={false}
  >
    <TitleWrapper
      className=""
      subtitle=""
      title="Become a user, run the platform"
    >
      <Subheader
        className=""
        content="learn more, join a role and subscribe for more"
        icon="icon-component-mock"
        title="Active roles on the current testnet"
      />
      <ColumnsLayout
        className=""
        columnsCount={2}
        largeSpacing={false}
      >
        <RoleList
          content={
            Object {
              "councilMembersCount": 12,
              "storageProviders": 10,
              "validatorsCount": 20,
            }
          }
          roles={
            Array [
              Object {
                "hasLabel": false,
                "image": "icon-component-mock",
                "key": "contentCreatorsCount",
                "title": "Content Creator",
                "to": "/roles#content-creator",
              },
              Object {
                "hasLabel": false,
                "image": "icon-component-mock",
                "key": "contentCuratorsCount",
                "title": "Content Curator",
                "to": "/roles#content-curator",
              },
              Object {
                "hasLabel": false,
                "image": "icon-component-mock",
                "key": "validatorsCount",
                "title": "Validator",
                "to": "/roles#validator",
              },
              Object {
                "hasLabel": false,
                "image": "icon-component-mock",
                "key": "councilMembersCount",
                "title": "Council Member",
                "to": "/roles#council-member",
              },
              Object {
                "hasLabel": false,
                "image": "icon-component-mock",
                "key": "storageProviders",
                "title": "Storage Provider",
                "to": "/roles#storage-provider",
              },
            ]
          }
        />
      </ColumnsLayout>
      <Subheader
        className=""
        content="choose a role, learn more and subscribe to get updated"
        icon="icon-component-mock"
        title="Roles coming in future testnets"
      />
      <ColumnsLayout
        className=""
        columnsCount={3}
        largeSpacing={false}
      >
        <RoleList
          content={
            Object {
              "councilMembersCount": 12,
              "storageProviders": 10,
              "validatorsCount": 20,
            }
          }
          roles={
            Array [
              Object {
                "image": "icon-component-mock",
                "title": "Membership Screener",
                "to": "/roles#membership-screener",
              },
              Object {
                "image": "icon-component-mock",
                "title": "Membership Curator",
                "to": "/roles",
              },
              Object {
                "image": "icon-component-mock",
                "title": "Bandwidth Provider",
                "to": "/roles#bandwidth-provider",
              },
              Object {
                "image": "icon-component-mock",
                "title": "Discovery Provider",
                "to": "/roles#discovery-provider",
              },
              Object {
                "image": "icon-component-mock",
                "title": "Live Streaming Provider",
                "to": "/roles#live-streaming-provider",
              },
              Object {
                "image": "icon-component-mock",
                "title": "Builder",
                "to": "/roles#builder",
              },
              Object {
                "image": "icon-component-mock",
                "title": "Communication Moderator",
                "to": "/roles#communication-moderator",
              },
            ]
          }
        />
      </ColumnsLayout>
      <Button
        className="IndexPage__roles-button"
        disabled={false}
        href={null}
        large={false}
        light={false}
        noWrap={false}
        onClick={null}
        reversed={false}
        secondary={true}
        to="/roles"
      >
        Learn more about the roles
      </Button>
    </TitleWrapper>
  </LayoutWrapper>
</BaseLayout>
`;
