// Jest Snapshot v1, https://goo.gl/fbAQLP

exports[`ManifestoPage page renders correctly 1`] = `
<BaseLayout
  className="ManifestoPage"
  lightNavbar={true}
  t={[Function]}
>
  <SiteMetadata
    description="manifesto.siteMetadata.description"
    image="test-file-stub"
    lang="en"
    meta={Array []}
    title="siteMetadata.title"
  />
  <section
    className="ManifestoPage__hero-wrapper"
  >
    <div
      className="ManifestoPage__hero-background"
    >
      <div
        className="ManifestoPage__hero-background__left"
      >
        <icon-component-mock
          className="ManifestoPage__hero-background__left__illustration"
        />
      </div>
      <div
        className="ManifestoPage__hero-background__middle"
      />
      <div
        className="ManifestoPage__hero-background__right"
      >
        <icon-component-mock
          className="ManifestoPage__hero-background__right__illustration"
        />
      </div>
    </div>
    <div
      className="ManifestoPage__hero"
    >
      <header
        className="ManifestoPage__hero__header"
      >
        <h1
          className="ManifestoPage__hero__title"
        >
          manifesto.hero.title
        </h1>
        <p
          className="ManifestoPage__hero__subtitle"
        >
          manifesto.hero.text
        </p>
      </header>
      <icon-component-mock
        className="ManifestoPage__hero__illustration"
      />
    </div>
  </section>
  <section
    className="ManifestoPage__problem-wrapper"
  >
    <div
      className="ManifestoPage__problem ManifestoPage__section"
    >
      <span
        className="ManifestoPage__section-title"
      >
        manifesto.problem.sectionTitle
      </span>
      <h2
        className="ManifestoPage__title ManifestoPage__problem__title"
      >
        manifesto.problem.title
      </h2>
      <div
        className="ManifestoPage__paragraph ManifestoPage__paragraph--top"
      >
        manifesto.problem.text.artAsTool
      </div>
      <div
        className="ManifestoPage__paragraph"
      >
        manifesto.problem.text.mediaAsPrimaryMedium
      </div>
      <div
        className="ManifestoPage__subtitle ManifestoPage__problem__subtitle"
      >
        manifesto.problem.text.however
      </div>
      <div
        className="ManifestoPage__paragraph"
      >
        <span
          className="ManifestoPage__text-highlight ManifestoPage__text-highlight--red"
        >
          manifesto.problem.text.unaccountableInstitutions
        </span>
      </div>
      <div
        className="ManifestoPage__paragraph ManifestoPage__problem__paragraph-4"
      >
        manifesto.problem.text.filteredOnTheirTerms
         
        <span>
          manifesto.problem.text.inflexible
        </span>
      </div>
    </div>
  </section>
  <section
    className="ManifestoPage__goal-wrapper"
  >
    <div
      className="ManifestoPage__section"
    >
      <span
        className="ManifestoPage__section-title ManifestoPage__section-title--white"
      >
        manifesto.goal.sectionTitle
      </span>
      <h2
        className="ManifestoPage__title"
      >
        manifesto.goal.title
      </h2>
      <div
        className="ManifestoPage__paragraph ManifestoPage__paragraph--white ManifestoPage__paragraph--top"
      >
        manifesto.goal.text.arrangement
      </div>
      <div
        className="ManifestoPage__paragraph ManifestoPage__paragraph--white"
      >
        <span
          className="ManifestoPage__text-highlight ManifestoPage__text-highlight--white"
        >
          manifesto.goal.text.accountability
        </span>
      </div>
    </div>
  </section>
  <section
    className="ManifestoPage__thesis-wrapper"
  >
    <div
      className="ManifestoPage__thesis"
    >
      <div
        className="ManifestoPage__section"
      >
        <span
          className="ManifestoPage__section-title ManifestoPage__section-title--blue"
        >
          manifesto.thesis.sectionTitle
        </span>
        <h2
          className="ManifestoPage__title ManifestoPage__title--black"
        >
          manifesto.thesis.title
        </h2>
        <div
          className="ManifestoPage__paragraph ManifestoPage__paragraph--black ManifestoPage__paragraph--top"
        >
          manifesto.thesis.text.coreThesis
        </div>
      </div>
      <div
        className="ManifestoPage__illustration-wrapper"
      >
        <icon-component-mock
          className="ManifestoPage__illustration"
        />
      </div>
      <div
        className="ManifestoPage__section"
      >
        <h2
          className="ManifestoPage__subtitle ManifestoPage__subtitle--black ManifestoPage__thesis__subtitle"
        >
          manifesto.wedge.title
        </h2>
        <div
          className="ManifestoPage__paragraph ManifestoPage__paragraph--black"
        >
          manifesto.wedge.text.alternative
        </div>
        <div
          className="ManifestoPage__paragraph ManifestoPage__paragraph--black"
        >
          manifesto.wedge.text.blockchainTokens
        </div>
        <div
          className="ManifestoPage__paragraph ManifestoPage__paragraph--black"
        >
          manifesto.wedge.text.initialHurdle
        </div>
      </div>
      <div
        className="ManifestoPage__illustration-wrapper"
      >
        <icon-component-mock
          className="ManifestoPage__illustration"
        />
      </div>
      <div
        className="ManifestoPage__section"
      >
        <h2
          className="ManifestoPage__subtitle ManifestoPage__subtitle--black ManifestoPage__thesis__subtitle"
        >
          manifesto.accountability.title
        </h2>
        <div
          className="ManifestoPage__paragraph ManifestoPage__paragraph--black"
        >
          manifesto.accountability.text.createAndSustain
        </div>
        <div
          className="ManifestoPage__paragraph ManifestoPage__paragraph--black"
        >
          manifesto.accountability.text.twoWays
        </div>
      </div>
      <div
        className="ManifestoPage__illustration-wrapper"
      >
        <icon-component-mock
          className="ManifestoPage__illustration"
        />
      </div>
      <div
        className="ManifestoPage__section"
      >
        <h2
          className="ManifestoPage__subtitle ManifestoPage__subtitle--black ManifestoPage__thesis__subtitle"
        >
          manifesto.voice.title
        </h2>
        <div
          className="ManifestoPage__paragraph ManifestoPage__paragraph--black"
        >
          manifesto.voice.text.improveWithin
        </div>
        <div
          className="ManifestoPage__paragraph ManifestoPage__paragraph--black"
        >
          manifesto.voice.text.infrastructure
        </div>
        <div
          className="ManifestoPage__paragraph ManifestoPage__paragraph--black"
        >
          manifesto.voice.text.control
        </div>
        <div
          className="ManifestoPage__paragraph ManifestoPage__paragraph--black"
        >
          manifesto.voice.text.signWithCrypto
        </div>
      </div>
      <div
        className="ManifestoPage__illustration-wrapper"
      >
        <icon-component-mock
          className="ManifestoPage__illustration"
        />
      </div>
      <div
        className="ManifestoPage__section"
      >
        <h2
          className="ManifestoPage__subtitle ManifestoPage__subtitle--black ManifestoPage__thesis__subtitle"
        >
          manifesto.exit.title
        </h2>
        <div
          className="ManifestoPage__paragraph ManifestoPage__paragraph--black"
        >
          manifesto.exit.text.exit
        </div>
        <div
          className="ManifestoPage__paragraph ManifestoPage__paragraph--black"
        >
          manifesto.exit.text.loweredCosts
        </div>
        <div
          className="ManifestoPage__paragraph ManifestoPage__paragraph--black"
        >
          manifesto.exit.text.competition
        </div>
        <div
          className="ManifestoPage__paragraph ManifestoPage__paragraph--black"
        >
          manifesto.exit.text.reusability
        </div>
      </div>
    </div>
  </section>
  <section
    className="ManifestoPage__references-wrapper"
  >
    <div
      className="ManifestoPage__references"
    >
      <h2
        className="ManifestoPage__references__title"
      >
        manifesto.references.title
      </h2>
      <div
        className="ManifestoPage__references__items"
      >
        <p
          className="ManifestoPage__references__item"
        >
          manifesto.references.one
        </p>
        <p
          className="ManifestoPage__references__item"
        >
          manifesto.references.two
        </p>
        <p
          className="ManifestoPage__references__item"
        >
          manifesto.references.three
        </p>
        <p
          className="ManifestoPage__references__item"
        >
          manifesto.references.four
        </p>
        <p
          className="ManifestoPage__references__item"
        >
          manifesto.references.five
        </p>
      </div>
    </div>
  </section>
</BaseLayout>
`;
