// Jest Snapshot v1, https://goo.gl/fbAQLP

exports[`PrivacyPolicyPage page renders correctly 1`] = `
<BaseLayout
  t={[Function]}
>
  <SiteMetadata
    description="privacyPolicy.siteMetadata.description"
    image="test-file-stub"
    lang="en"
    meta={Array []}
    title="siteMetadata.title"
  />
  <Hero
    animationEnd={500}
    animationEndValue={-40}
    animationStartValue={70}
    chip={null}
    image={null}
    indent={false}
    noOverflow={false}
    reverse={false}
    theme="black"
    title="privacyPolicy.hero.title"
  >
    <Trans
      components={
        Array [
          <p
            className="PrivacyPolicyPage__hero-paragraph"
          >
            <strong />
            <br />
             
            <Link
              className=""
              highlighted={true}
              href="https://github.com/JoyStream"
            >
              Joystream
            </Link>
            . These products (collectively "Software") include, but are not limited to, all pages under the
             
            <Link
              className=""
              highlighted={true}
              href="https://www.joystream.org/"
            >
              joystream.org
            </Link>
             
            domain ("Website"), the
             
            <Link
              className=""
              highlighted={true}
              href="https://github.com/Joystream/substrate-node-joystream"
            >
              Joyful node
            </Link>
             
            ("Full Node"), the
             
            <Link
              className=""
              highlighted={true}
              href="https://github.com/Joystream/storage-node-joystream"
            >
              Colossus Storage Node
            </Link>
             
            ("Storage node"), and the Pioneer User Interface, either
             
            <Link
              className=""
              highlighted={true}
              href="https://github.com/Joystream/apps"
            >
              self hosted
            </Link>
             
            or
             
            <Link
              className=""
              highlighted={true}
              href="http://testnet.joystream.org/"
            >
              hosted by Us
            </Link>
             
            ("App").
          </p>,
        ]
      }
      i18nKey="privacyPolicy.hero.text"
    />
  </Hero>
  <LayoutWrapper
    className=""
    dark={false}
    gradient={false}
  >
    <PolicyWrapper
      className=""
      left={true}
      subtitle=""
      title="privacyPolicy.terms.title"
    >
      <ul>
        <li
          className="PrivacyPolicyPage__list-item"
        >
          <Trans
            components={
              Array [
                <strong />,
              ]
            }
            i18nKey="privacyPolicy.terms.blockchain"
          />
        </li>
        <li
          className="PrivacyPolicyPage__list-item"
        >
          <Trans
            components={
              Array [
                <strong />,
              ]
            }
            i18nKey="privacyPolicy.terms.content"
          />
        </li>
        <li
          className="PrivacyPolicyPage__list-item"
        >
          <Trans
            components={
              Array [
                <strong />,
              ]
            }
            i18nKey="privacyPolicy.terms.keys"
          />
        </li>
        <li
          className="PrivacyPolicyPage__list-item"
        >
          <Trans
            components={
              Array [
                <strong />,
              ]
            }
            i18nKey="privacyPolicy.terms.membership"
          />
        </li>
        <li
          className="PrivacyPolicyPage__list-item"
        >
          <Trans
            components={
              Array [
                <strong />,
              ]
            }
            i18nKey="privacyPolicy.terms.memo"
          />
        </li>
      </ul>
    </PolicyWrapper>
    <PolicyWrapper
      className=""
      left={true}
      subtitle="privacyPolicy.privacyPolicyItems.subtitle"
      title="privacyPolicy.privacyPolicyItems.title"
    >
      <ColumnsLayout
        className=""
        columnsCount={2}
        largeSpacing={true}
      >
        <PolicyItem
          className=""
          key="privacyPolicy.privacyPolicyItems.agreement.title0"
          title="privacyPolicy.privacyPolicyItems.agreement.title"
        >
          <Trans
            components={
              Array [
                <Link
                  className=""
                  highlighted={false}
                  href="https://mailchimp.com/legal/privacy/"
                >
                  privacy policy
                </Link>,
                <Link
                  className=""
                  highlighted={false}
                  href="https://mailchimp.com/"
                >
                  Mailchimp
                </Link>,
                <br />,
              ]
            }
            i18nKey="privacyPolicy.privacyPolicyItems.agreement.content"
          />
        </PolicyItem>
        <PolicyItem
          className=""
          key="privacyPolicy.privacyPolicyItems.changes.title1"
          title="privacyPolicy.privacyPolicyItems.changes.title"
        >
          <Trans
            i18nKey="privacyPolicy.privacyPolicyItems.changes.content"
          />
        </PolicyItem>
        <PolicyItem
          className=""
          key="privacyPolicy.privacyPolicyItems.informationCollected.title2"
          title="privacyPolicy.privacyPolicyItems.informationCollected.title"
        >
          <Trans
            components={
              Array [
                <br />,
                <Link
                  className=""
                  highlighted={false}
                  href="https://testnet.joystream.org/faucet"
                >
                  faucet
                </Link>,
              ]
            }
            i18nKey="privacyPolicy.privacyPolicyItems.informationCollected.content"
          />
        </PolicyItem>
        <PolicyItem
          className=""
          key="privacyPolicy.privacyPolicyItems.googleAnalytics.title3"
          title="privacyPolicy.privacyPolicyItems.googleAnalytics.title"
        >
          <Trans
            components={
              Array [
                <Link
                  className=""
                  highlighted={false}
                  href="https://marketingplatform.google.com/about/analytics/"
                >
                  Google Analytics
                </Link>,
                <br />,
                <strong />,
                <Link
                  className=""
                  highlighted={false}
                  href="https://livesession.io/security/"
                >
                  Livesession
                </Link>,
              ]
            }
            i18nKey="privacyPolicy.privacyPolicyItems.googleAnalytics.content"
          />
        </PolicyItem>
      </ColumnsLayout>
    </PolicyWrapper>
  </LayoutWrapper>
  <LayoutWrapper
    className=""
    dark={true}
    gradient={false}
  >
    <PolicyWrapper
      className=""
      left={true}
      subtitle="privacyPolicy.cookiePolicyItems.subtitle"
      title="privacyPolicy.cookiePolicyItems.title"
    >
      <ColumnsLayout
        className=""
        columnsCount={2}
        largeSpacing={true}
      >
        <PolicyItem
          className=""
          key="privacyPolicy.cookiePolicyItems.whatAreCookies.title"
          title="privacyPolicy.cookiePolicyItems.whatAreCookies.title"
        >
          <Trans
            components={
              Array [
                <br />,
              ]
            }
            i18nKey="privacyPolicy.cookiePolicyItems.whatAreCookies.content"
          />
        </PolicyItem>
        <PolicyItem
          className=""
          key="privacyPolicy.cookiePolicyItems.howWeUseCookies.title"
          title="privacyPolicy.cookiePolicyItems.howWeUseCookies.title"
        >
          <Trans
            components={
              Array [
                <br />,
                <ul>
                  <li />
                </ul>,
              ]
            }
            i18nKey="privacyPolicy.cookiePolicyItems.howWeUseCookies.content"
          />
        </PolicyItem>
        <PolicyItem
          className=""
          key="privacyPolicy.cookiePolicyItems.thirdPartyCookies.title"
          title="privacyPolicy.cookiePolicyItems.thirdPartyCookies.title"
        >
          <Trans
            components={
              Array [
                <br />,
                <ul>
                  <li>
                    <strong />
                  </li>
                </ul>,
              ]
            }
            i18nKey="privacyPolicy.cookiePolicyItems.thirdPartyCookies.content"
          />
        </PolicyItem>
        <PolicyItem
          className=""
          key="privacyPolicy.cookiePolicyItems.regardingYourCookies.title"
          title="privacyPolicy.cookiePolicyItems.regardingYourCookies.title"
        >
          <Trans
            components={
              Array [
                <br />,
              ]
            }
            i18nKey="privacyPolicy.cookiePolicyItems.regardingYourCookies.content"
          />
        </PolicyItem>
      </ColumnsLayout>
    </PolicyWrapper>
    <div
      className="PrivacyPolicyPage__links"
    >
      <Link
        className=""
        highlighted={false}
        href="http://www.allaboutcookies.org/"
      >
        AllAboutCookies
      </Link>
      <Link
        className=""
        highlighted={false}
        href="http://www.networkadvertising.org/"
      >
        Network Advertising Initiative
      </Link>
    </div>
  </LayoutWrapper>
</BaseLayout>
`;
