// Jest Snapshot v1, https://goo.gl/fbAQLP

exports[`SpartaPage page renders correctly 1`] = `
<BaseLayout>
  <SiteMetadata
    description="sparta.siteMetadata.description"
    image="test-file-stub"
    lang="en"
    meta={Array []}
    title="siteMetadata.title"
  />
  <Hero
    animationEnd={500}
    animationEndValue={-40}
    animationStartValue={70}
    chip={
      <Chip
        icon="icon-component-mock"
        onClick={[Function]}
      >
        sparta.hero.chipText
      </Chip>
    }
    image="icon-mock"
    indent={true}
    noOverflow={false}
    reverse={false}
    theme="black"
    title="sparta.hero.title"
  >
    <p
      className="SpartaPage__hero-paragraph"
    >
      sparta.hero.text
    </p>
    <HeroCard
      content="sparta.heroCard.markdown"
      counterTitle=""
      date={null}
      error={true}
      info={false}
    />
    <TestnetModal
      className=""
      closeModal={[Function]}
      image="icon-mock"
      isOpen={false}
      title="sparta.modal.title"
    >
      <p>
        <Trans
          components={
            Array [
              <strong>
                The spartan army helmet
              </strong>,
            ]
          }
          i18nKey="sparta.modal.text"
        />
      </p>
    </TestnetModal>
  </Hero>
  <LayoutWrapper
    className=""
    dark={false}
    gradient={false}
  >
    <TitleWrapper
      className=""
      subtitle={
        <React.Fragment>
          sparta.testnetGoals.subtitle
        </React.Fragment>
      }
      title="sparta.testnetGoals.title"
    >
      <GoalList
        data={
          Array [
            Object {
              "text": <Trans
                components={
                  Array [
                    <Link
                      className=""
                      highlighted={false}
                      to="/roles#council-member"
                    >
                      Council Members
                    </Link>,
                  ]
                }
                i18nKey="sparta.testnetGoals.goals.blockchain.text"
              />,
              "title": "sparta.testnetGoals.goals.blockchain.title",
            },
            Object {
              "state": "postponed",
              "text": "sparta.testnetGoals.goals.bugs.text",
              "title": "sparta.testnetGoals.goals.bugs.title",
            },
          ]
        }
      />
    </TitleWrapper>
  </LayoutWrapper>
  <LayoutWrapper
    className=""
    dark={true}
    gradient={false}
  >
    <TitleWrapper
      className=""
      subtitle=""
      title="sparta.roles.title"
    >
      <ColumnsLayout
        className=""
        columnsCount={2}
        largeSpacing={false}
      >
        <RoleList
          content={
            Object {
              "contentCreatorsCount": 20,
              "contentCuratorsCount": 3,
              "councilMembersCount": 12,
              "storageProviders": 10,
              "validatorsCount": 20,
            }
          }
          oldTestnet={true}
          roles={
            Array [
              Object {
                "hasLabel": true,
                "image": "icon-component-mock",
                "key": "validatorsCount",
                "title": "roles.validator",
                "to": "/roles#validator",
                "type": "most",
              },
              Object {
                "hasLabel": true,
                "image": "icon-component-mock",
                "key": "councilMembersCount",
                "title": "roles.councilMember",
                "to": "/roles#council-member",
                "type": "most",
              },
            ]
          }
        />
      </ColumnsLayout>
    </TitleWrapper>
  </LayoutWrapper>
  <MapInfo
    className=""
    location="sparta"
    title="sparta.map.title"
  >
    <p>
      <Trans
        components={
          Array [
            <strong>
              Sparta was a prominent city-state in Ancient Greece.
            </strong>,
            <br />,
            <br />,
          ]
        }
        i18nKey="sparta.map.text"
      />
    </p>
  </MapInfo>
</BaseLayout>
`;
